stm32f4xx_sdio.c:259:6:SDIO_DeInit	8	static
stm32f4xx_sdio.c:272:6:SDIO_Init	24	static
stm32f4xx_sdio.c:310:6:SDIO_StructInit	16	static
stm32f4xx_sdio.c:327:6:SDIO_ClockCmd	16	static
stm32f4xx_sdio.c:343:6:SDIO_SetPowerState	16	static
stm32f4xx_sdio.c:360:10:SDIO_GetPowerState	4	static
stm32f4xx_sdio.c:392:6:SDIO_SendCommand	24	static
stm32f4xx_sdio.c:428:6:SDIO_CmdStructInit	16	static
stm32f4xx_sdio.c:443:9:SDIO_GetCommandResponse	4	static
stm32f4xx_sdio.c:458:10:SDIO_GetResponse	24	static
stm32f4xx_sdio.c:496:6:SDIO_DataConfig	24	static
stm32f4xx_sdio.c:537:6:SDIO_DataStructInit	16	static
stm32f4xx_sdio.c:553:10:SDIO_GetDataCounter	4	static
stm32f4xx_sdio.c:563:10:SDIO_ReadData	4	static
stm32f4xx_sdio.c:573:6:SDIO_WriteData	16	static
stm32f4xx_sdio.c:583:10:SDIO_GetFIFOCount	4	static
stm32f4xx_sdio.c:612:6:SDIO_StartSDIOReadWait	16	static
stm32f4xx_sdio.c:626:6:SDIO_StopSDIOReadWait	16	static
stm32f4xx_sdio.c:642:6:SDIO_SetSDIOReadWaitMode	16	static
stm32f4xx_sdio.c:656:6:SDIO_SetSDIOOperation	16	static
stm32f4xx_sdio.c:670:6:SDIO_SendSDIOSuspendCmd	16	static
stm32f4xx_sdio.c:702:6:SDIO_CommandCompletionCmd	16	static
stm32f4xx_sdio.c:716:6:SDIO_CEATAITCmd	16	static
stm32f4xx_sdio.c:730:6:SDIO_SendCEATACmd	16	static
stm32f4xx_sdio.c:762:6:SDIO_DMACmd	16	static
stm32f4xx_sdio.c:820:6:SDIO_ITConfig	16	static
stm32f4xx_sdio.c:868:12:SDIO_GetFlagStatus	24	static
stm32f4xx_sdio.c:905:6:SDIO_ClearFlag	16	static
stm32f4xx_sdio.c:944:10:SDIO_GetITStatus	24	static
stm32f4xx_sdio.c:980:6:SDIO_ClearITPendingBit	16	static
